I'm sorry, but errors were detected in your script. Please correct the
errors listed below, and try again.


File "game/script.rpy", line 135: end of line expected.
    show alex with at left with dissolve
                      ^

Ren'Py Version: Ren'Py 8.5.2.26010301
Tue Apr 14 00:58:19 2026
